2026-04-29 23:18:25 [INFO] Starting fetch: 30 acts, max 5 versions each, output=/Users/kajaluxanmathitharan/Documents/Projects/ZHAW/SEM8/BA/OD/documents
2026-04-29 23:18:25 [INFO] → ukpga 2018 12 (Data Protection Act 2018)
2026-04-29 23:18:33 [INFO]   ✓ ukpga-2018-12_2026-04-07.md saved (2095076 bytes)
2026-04-29 23:18:43 [INFO]   ✓ ukpga-2018-12_2026-03-31.md saved (2094019 bytes)
2026-04-29 23:19:41 [INFO] Starting fetch: 30 acts, max 5 versions each, output=/Users/kajaluxanmathitharan/Documents/Projects/ZHAW/SEM8/BA/OD/documents
2026-04-29 23:19:41 [INFO] → ukpga 2018 12 (Data Protection Act 2018)
2026-04-29 23:19:42 [INFO]   ✓ ukpga-2018-12_2026-04-07.md saved (2095076 bytes)
2026-04-29 23:19:44 [INFO]   ✓ ukpga-2018-12_2026-03-31.md saved (2094019 bytes)
2026-04-29 23:19:54 [INFO]   ✓ ukpga-2018-12_2026-03-10.md saved (2091917 bytes)
2026-04-29 23:20:03 [INFO]   ✓ ukpga-2018-12_2026-02-05.md saved (2091404 bytes)
2026-04-29 23:20:12 [INFO]   ✓ ukpga-2018-12_2026-01-29.md saved (1927407 bytes)
2026-04-29 23:20:13 [INFO] ✓ ukpga 2018 12 — 5 saved, 0 skipped
2026-04-29 23:20:13 [INFO] → ukpga 2010 15 (Equality Act 2010)
2026-04-29 23:20:19 [INFO]   ✓ ukpga-2010-15_2026-04-07.md saved (1283928 bytes)
2026-04-29 23:20:26 [INFO]   ✓ ukpga-2010-15_2026-04-06.md saved (1282829 bytes)
2026-04-29 23:20:34 [INFO]   ✓ ukpga-2010-15_2026-04-01.md saved (1264211 bytes)
2026-04-29 23:20:41 [INFO]   ✓ ukpga-2010-15_2026-03-02.md saved (1261573 bytes)
2026-04-29 23:20:47 [INFO]   ✓ ukpga-2010-15_2026-01-27.md saved (1260407 bytes)
2026-04-29 23:20:48 [INFO] ✓ ukpga 2010 15 — 5 saved, 0 skipped
2026-04-29 23:20:48 [INFO] → ukpga 2023 50 (Online Safety Act 2023)
2026-04-29 23:20:58 [INFO]   ✓ ukpga-2023-50_2026-04-07.md saved (1046705 bytes)
2026-04-29 23:21:05 [INFO]   ✓ ukpga-2023-50_2026-04-01.md saved (1039941 bytes)
2026-04-29 23:21:12 [INFO]   ✓ ukpga-2023-50_2026-01-08.md saved (1039132 bytes)
2026-04-29 23:21:20 [INFO]   ✓ ukpga-2023-50_2025-09-30.md saved (1038088 bytes)
2026-04-29 23:21:27 [INFO]   ✓ ukpga-2023-50_2025-08-20.md saved (1018904 bytes)
2026-04-29 23:21:28 [INFO] ✓ ukpga 2023 50 — 5 saved, 0 skipped
2026-04-29 23:21:28 [INFO] → ukpga 2006 46 (Companies Act 2006)
2026-04-29 23:21:28 [ERROR] ✗ ukpga 2006 46 — version list fetch failed: Document is empty, line 1, column 1 (<string>, line 1)
2026-04-29 23:21:28 [INFO] → ukpga 1998 42 (Human Rights Act 1998)
2026-04-29 23:21:29 [INFO]   ✓ ukpga-1998-42_2026-04-06.md saved (129641 bytes)
2026-04-29 23:21:31 [INFO]   ✓ ukpga-1998-42_2024-04-25.md saved (129013 bytes)
2026-04-29 23:21:33 [INFO]   ✓ ukpga-1998-42_2021-06-30.md saved (123601 bytes)
2026-04-29 23:21:34 [INFO]   ✓ ukpga-1998-42_2020-12-31.md saved (119152 bytes)
2026-04-29 23:21:36 [INFO]   ✓ ukpga-1998-42_2020-10-21.md saved (118109 bytes)
2026-04-29 23:21:37 [INFO] ✓ ukpga 1998 42 — 5 saved, 0 skipped
2026-04-29 23:21:37 [INFO] → ukpga 1983 20 (Mental Health Act 1983)
2026-04-29 23:21:42 [INFO]   ✓ ukpga-1983-20_2026-04-06.md saved (1563324 bytes)
2026-04-29 23:21:49 [INFO]   ✓ ukpga-1983-20_2026-04-01.md saved (1557521 bytes)
2026-04-29 23:21:55 [INFO]   ✓ ukpga-1983-20_2026-02-18.md saved (1555532 bytes)
2026-04-29 23:22:00 [INFO]   ✓ ukpga-1983-20_2026-01-22.md saved (1540259 bytes)
2026-04-29 23:22:07 [INFO]   ✓ ukpga-1983-20_2026-01-01.md saved (1538565 bytes)
2026-04-29 23:22:08 [INFO] ✓ ukpga 1983 20 — 5 saved, 0 skipped
2026-04-29 23:22:08 [INFO] → ukpga 1989 41 (Children Act 1989)
2026-04-29 23:22:16 [INFO]   ✓ ukpga-1989-41_2026-03-25.md saved (2098616 bytes)
2026-04-29 23:22:24 [INFO]   ✓ ukpga-1989-41_2025-11-21.md saved (2097836 bytes)
2026-04-29 23:22:33 [INFO]   ✓ ukpga-1989-41_2025-09-01.md saved (2097015 bytes)
2026-04-29 23:22:43 [INFO]   ✓ ukpga-1989-41_2025-04-28.md saved (2096850 bytes)
2026-04-29 23:22:52 [INFO]   ✓ ukpga-1989-41_2025-03-11.md saved (2096849 bytes)
2026-04-29 23:22:53 [INFO] ✓ ukpga 1989 41 — 5 saved, 0 skipped
2026-04-29 23:22:53 [INFO] → ukpga 1984 60 (Police and Criminal Evidence Act 1984)
2026-04-29 23:23:00 [INFO]   ✓ ukpga-1984-60_2026-04-07.md saved (2006394 bytes)
2026-04-29 23:23:07 [INFO]   ✓ ukpga-1984-60_2026-04-01.md saved (1973409 bytes)
2026-04-29 23:23:15 [INFO]   ✓ ukpga-1984-60_2026-03-25.md saved (1949374 bytes)
2026-04-29 23:23:23 [INFO]   ✓ ukpga-1984-60_2026-01-06.md saved (1948566 bytes)
2026-04-29 23:23:30 [INFO]   ✓ ukpga-1984-60_2025-11-21.md saved (1933949 bytes)
2026-04-29 23:23:31 [INFO] ✓ ukpga 1984 60 — 5 saved, 0 skipped
2026-04-29 23:23:31 [INFO] → ukpga 1971 38 (Misuse of Drugs Act 1971)
2026-04-29 23:23:33 [INFO]   ✓ ukpga-1971-38_2025-01-15.md saved (385668 bytes)
2026-04-29 23:23:35 [INFO]   ✓ ukpga-1971-38_2024-03-20.md saved (367680 bytes)
2026-04-29 23:23:37 [INFO]   ✓ ukpga-1971-38_2023-12-31.md saved (358730 bytes)
2026-04-29 23:23:40 [INFO]   ✓ ukpga-1971-38_2023-11-08.md saved (355373 bytes)
2026-04-29 23:23:42 [INFO]   ✓ ukpga-1971-38_2022-06-28.md saved (355775 bytes)
2026-04-29 23:23:43 [INFO] ✓ ukpga 1971 38 — 5 saved, 0 skipped
2026-04-29 23:23:43 [INFO] → ukpga 1968 60 (Theft Act 1968)
2026-04-29 23:23:44 [INFO]   ✓ ukpga-1968-60_2013-05-28.md saved (136003 bytes)
2026-04-29 23:23:46 [INFO]   ✓ ukpga-1968-60_2013-04-01.md saved (136066 bytes)
2026-04-29 23:23:48 [INFO]   ✓ ukpga-1968-60_2012-11-05.md saved (135265 bytes)
2026-04-29 23:23:50 [INFO]   ✓ ukpga-1968-60_2012-06-18.md saved (133989 bytes)
2026-04-29 23:23:52 [INFO]   ✓ ukpga-1968-60_2010-01-12.md saved (131664 bytes)
2026-04-29 23:23:53 [INFO] ✓ ukpga 1968 60 — 5 saved, 0 skipped
2026-04-29 23:23:53 [INFO] → ukpga 1979 54 (Sale of Goods Act 1979)
2026-04-29 23:23:54 [INFO]   ✓ ukpga-1979-54_2015-10-01.md saved (178016 bytes)
2026-04-29 23:23:56 [INFO]   ✓ ukpga-1979-54_2008-04-01.md saved (142094 bytes)
2026-04-29 23:23:58 [INFO]   ✓ ukpga-1979-54_2007-10-01.md saved (140999 bytes)
2026-04-29 23:24:00 [INFO]   ✓ ukpga-1979-54_2003-03-31.md saved (140084 bytes)
2026-04-29 23:24:01 [INFO]   ✓ ukpga-1979-54_2002-03-31.md saved (138028 bytes)
2026-04-29 23:24:02 [INFO] ✓ ukpga 1979 54 — 5 saved, 0 skipped
2026-04-29 23:24:02 [INFO] → ukpga 2015 15 (Consumer Rights Act 2015)
2026-04-29 23:24:06 [INFO]   ✓ ukpga-2015-15_2026-04-06.md saved (947431 bytes)
2026-04-29 23:24:10 [INFO]   ✓ ukpga-2015-15_2026-03-18.md saved (945085 bytes)
2026-04-29 23:24:15 [INFO]   ✓ ukpga-2015-15_2025-12-27.md saved (944440 bytes)
2026-04-29 23:24:19 [INFO]   ✓ ukpga-2015-15_2025-04-06.md saved (943633 bytes)
2026-04-29 23:24:23 [INFO]   ✓ ukpga-2015-15_2025-01-01.md saved (855056 bytes)
2026-04-29 23:24:24 [INFO] ✓ ukpga 2015 15 — 5 saved, 0 skipped
2026-04-29 23:24:25 [INFO] → ukpga 2015 30 (Modern Slavery Act 2015)
2026-04-29 23:24:27 [INFO]   ✓ ukpga-2015-30_2026-04-07.md saved (346374 bytes)
2026-04-29 23:24:29 [INFO]   ✓ ukpga-2015-30_2024-01-31.md saved (329790 bytes)
2026-04-29 23:24:32 [INFO]   ✓ ukpga-2015-30_2023-12-20.md saved (328529 bytes)
2026-04-29 23:24:35 [INFO]   ✓ ukpga-2015-30_2023-02-07.md saved (326889 bytes)
2026-04-29 23:24:37 [INFO]   ✓ ukpga-2015-30_2023-01-30.md saved (323681 bytes)
2026-04-29 23:24:38 [INFO] ✓ ukpga 2015 30 — 5 saved, 0 skipped
2026-04-29 23:24:38 [INFO] → ukpga 2010 23 (Bribery Act 2010)
2026-04-29 23:24:39 [INFO]   ✓ ukpga-2010-23_2024-01-15.md saved (62770 bytes)
2026-04-29 23:24:41 [INFO]   ✓ ukpga-2010-23_2023-10-26.md saved (62850 bytes)
2026-04-29 23:24:42 [INFO]   ✓ ukpga-2010-23_2023-02-07.md saved (61969 bytes)
2026-04-29 23:24:44 [INFO]   ✓ ukpga-2010-23_2022-04-28.md saved (61138 bytes)
2026-04-29 23:24:46 [INFO]   ✓ ukpga-2010-23_2020-12-01.md saved (61043 bytes)
2026-04-29 23:24:47 [INFO] ✓ ukpga 2010 23 — 5 saved, 0 skipped
2026-04-29 23:24:47 [INFO] → ukpga 2008 27 (Climate Change Act 2008)
2026-04-29 23:24:49 [INFO]   ✓ ukpga-2008-27_2023-12-26.md saved (281133 bytes)
2026-04-29 23:24:52 [INFO]   ✓ ukpga-2008-27_2023-02-03.md saved (280630 bytes)
2026-04-29 23:24:54 [INFO]   ✓ ukpga-2008-27_2022-04-28.md saved (279147 bytes)
2026-04-29 23:24:57 [INFO]   ✓ ukpga-2008-27_2022-02-28.md saved (279119 bytes)
2026-04-29 23:25:00 [INFO]   ✓ ukpga-2008-27_2022-01-09.md saved (278638 bytes)
2026-04-29 23:25:01 [INFO] ✓ ukpga 2008 27 — 5 saved, 0 skipped
2026-04-29 23:25:01 [INFO] → ukpga 2000 36 (Freedom of Information Act 2000)
2026-04-29 23:25:04 [INFO]   ✓ ukpga-2000-36_2026-04-07.md saved (1000758 bytes)
2026-04-29 23:25:08 [INFO]   ✓ ukpga-2000-36_2026-04-01.md saved (999958 bytes)
2026-04-29 23:25:12 [INFO]   ✓ ukpga-2000-36_2026-03-10.md saved (998838 bytes)
2026-04-29 23:25:16 [INFO]   ✓ ukpga-2000-36_2026-03-02.md saved (998325 bytes)
2026-04-29 23:25:20 [INFO]   ✓ ukpga-2000-36_2026-02-05.md saved (997220 bytes)
2026-04-29 23:25:21 [INFO] ✓ ukpga 2000 36 — 5 saved, 0 skipped
2026-04-29 23:25:21 [INFO] → ukpga 2000 11 (Terrorism Act 2000)
2026-04-29 23:25:28 [INFO]   ✓ ukpga-2000-11_2026-02-23.md saved (1477829 bytes)
2026-04-29 23:25:35 [INFO]   ✓ ukpga-2000-11_2026-01-19.md saved (1476660 bytes)
2026-04-29 23:25:43 [INFO]   ✓ ukpga-2000-11_2025-07-05.md saved (1475532 bytes)
2026-04-29 23:25:50 [INFO]   ✓ ukpga-2000-11_2025-01-01.md saved (1473942 bytes)
2026-04-29 23:25:57 [INFO]   ✓ ukpga-2000-11_2024-04-26.md saved (1474185 bytes)
2026-04-29 23:25:58 [INFO] ✓ ukpga 2000 11 — 5 saved, 0 skipped
2026-04-29 23:25:58 [INFO] → ukpga 2016 25 (Investigatory Powers Act 2016)
2026-04-29 23:26:08 [INFO]   ✓ ukpga-2016-25_2026-04-07.md saved (1527742 bytes)
2026-04-29 23:26:16 [INFO]   ✓ ukpga-2016-25_2026-04-01.md saved (1524550 bytes)
2026-04-29 23:26:24 [INFO]   ✓ ukpga-2016-25_2025-11-17.md saved (1523245 bytes)
2026-04-29 23:26:32 [INFO]   ✓ ukpga-2016-25_2025-08-20.md saved (1541379 bytes)
2026-04-29 23:26:40 [INFO]   ✓ ukpga-2016-25_2025-07-08.md saved (1539957 bytes)
2026-04-29 23:26:41 [INFO] ✓ ukpga 2016 25 — 5 saved, 0 skipped
2026-04-29 23:26:41 [INFO] → ukpga 2005 9 (Mental Capacity Act 2005)
2026-04-29 23:26:46 [INFO]   ✓ ukpga-2005-9_2023-02-07.md saved (567042 bytes)
2026-04-29 23:26:52 [INFO]   ✓ ukpga-2005-9_2022-07-01.md saved (564831 bytes)
2026-04-29 23:26:58 [INFO]   ✓ ukpga-2005-9_2021-09-01.md saved (555283 bytes)
2026-04-29 23:27:03 [INFO]   ✓ ukpga-2005-9_2020-12-31.md saved (554128 bytes)
2026-04-29 23:27:09 [INFO]   ✓ ukpga-2005-9_2020-11-02.md saved (551722 bytes)
2026-04-29 23:27:10 [INFO] ✓ ukpga 2005 9 — 5 saved, 0 skipped
2026-04-29 23:27:10 [INFO] → ukpga 2012 7 (Health and Social Care Act 2012)
2026-04-29 23:27:18 [INFO]   ✓ ukpga-2012-7_2026-02-05.md saved (2232183 bytes)
2026-04-29 23:27:27 [INFO]   ✓ ukpga-2012-7_2025-07-07.md saved (2281710 bytes)
2026-04-29 23:27:36 [INFO]   ✓ ukpga-2012-7_2025-06-19.md saved (2268241 bytes)
2026-04-29 23:27:45 [INFO]   ✓ ukpga-2012-7_2025-01-01.md saved (2259211 bytes)
2026-04-29 23:27:54 [INFO]   ✓ ukpga-2012-7_2024-05-24.md saved (2258789 bytes)
2026-04-29 23:27:55 [INFO] ✓ ukpga 2012 7 — 5 saved, 0 skipped
2026-04-29 23:27:55 [INFO] → ukpga 2014 19 (Pensions Act 2014)
2026-04-29 23:27:58 [INFO]   ✓ ukpga-2014-19_2026-04-06.md saved (449866 bytes)
2026-04-29 23:28:02 [INFO]   ✓ ukpga-2014-19_2025-04-07.md saved (446060 bytes)
2026-04-29 23:28:05 [INFO]   ✓ ukpga-2014-19_2024-04-08.md saved (442222 bytes)
2026-04-29 23:28:08 [INFO]   ✓ ukpga-2014-19_2024-02-21.md saved (440329 bytes)
2026-04-29 23:28:12 [INFO]   ✓ ukpga-2014-19_2023-12-31.md saved (439393 bytes)
2026-04-29 23:28:13 [INFO] ✓ ukpga 2014 19 — 5 saved, 0 skipped
2026-04-29 23:28:13 [INFO] → ukpga 2006 41 (National Health Service Act 2006)
2026-04-29 23:28:23 [INFO]   ✓ ukpga-2006-41_2025-09-01.md saved (3153332 bytes)
2026-04-29 23:28:34 [INFO]   ✓ ukpga-2006-41_2024-02-28.md saved (3151694 bytes)
2026-04-29 23:28:45 [INFO]   ✓ ukpga-2006-41_2024-01-31.md saved (3146688 bytes)
2026-04-29 23:28:56 [INFO]   ✓ ukpga-2006-41_2024-01-01.md saved (3139985 bytes)
2026-04-29 23:29:07 [INFO]   ✓ ukpga-2006-41_2023-12-26.md saved (3123178 bytes)
2026-04-29 23:29:08 [INFO] ✓ ukpga 2006 41 — 5 saved, 0 skipped
2026-04-29 23:29:08 [INFO] → ukpga 2002 32 (Education Act 2002)
2026-04-29 23:29:14 [INFO]   ✓ ukpga-2002-32_2026-04-01.md saved (1497138 bytes)
2026-04-29 23:29:20 [INFO]   ✓ ukpga-2002-32_2025-09-01.md saved (1497932 bytes)
2026-04-29 23:29:26 [INFO]   ✓ ukpga-2002-32_2025-04-01.md saved (1497404 bytes)
2026-04-29 23:29:32 [INFO]   ✓ ukpga-2002-32_2024-09-01.md saved (1496542 bytes)
2026-04-29 23:29:38 [INFO]   ✓ ukpga-2002-32_2024-08-01.md saved (1496014 bytes)
2026-04-29 23:29:39 [INFO] ✓ ukpga 2002 32 — 5 saved, 0 skipped
2026-04-29 23:29:39 [INFO] → ukpga 2004 34 (Housing Act 2004)
2026-04-29 23:29:47 [INFO]   ✓ ukpga-2004-34_2025-12-27.md saved (1436693 bytes)
2026-04-29 23:29:53 [INFO]   ✓ ukpga-2004-34_2022-12-01.md saved (1422634 bytes)
2026-04-29 23:30:00 [INFO]   ✓ ukpga-2004-34_2022-10-01.md saved (1406278 bytes)
2026-04-29 23:30:06 [INFO]   ✓ ukpga-2004-34_2022-04-28.md saved (1403080 bytes)
2026-04-29 23:30:13 [INFO]   ✓ ukpga-2004-34_2020-12-01.md saved (1403042 bytes)
2026-04-29 23:30:14 [INFO] ✓ ukpga 2004 34 — 5 saved, 0 skipped
2026-04-29 23:30:14 [INFO] → ukpga 2014 22 (Immigration Act 2014)
2026-04-29 23:30:18 [INFO]   ✓ ukpga-2014-22_2026-02-04.md saved (611547 bytes)
2026-04-29 23:30:21 [INFO]   ✓ ukpga-2014-22_2025-12-01.md saved (609825 bytes)
2026-04-29 23:30:25 [INFO]   ✓ ukpga-2014-22_2025-06-19.md saved (608669 bytes)
2026-04-29 23:30:28 [INFO]   ✓ ukpga-2014-22_2024-04-25.md saved (604204 bytes)
2026-04-29 23:30:32 [INFO]   ✓ ukpga-2014-22_2024-02-13.md saved (603474 bytes)
2026-04-29 23:30:33 [INFO] ✓ ukpga 2014 22 — 5 saved, 0 skipped
2026-04-29 23:30:33 [INFO] → ukpga 1994 26 (Trade Marks Act 1994)
2026-04-29 23:30:35 [INFO]   ✓ ukpga-1994-26_2025-07-10.md saved (648151 bytes)
2026-04-29 23:30:39 [INFO]   ✓ ukpga-1994-26_2025-04-06.md saved (648369 bytes)
2026-04-29 23:30:42 [INFO]   ✓ ukpga-1994-26_2023-12-31.md saved (644608 bytes)
2026-04-29 23:30:46 [INFO]   ✓ ukpga-1994-26_2022-12-27.md saved (642546 bytes)
2026-04-29 23:30:49 [INFO]   ✓ ukpga-1994-26_2021-11-26.md saved (639380 bytes)
2026-04-29 23:30:50 [INFO] ✓ ukpga 1994 26 — 5 saved, 0 skipped
2026-04-29 23:30:50 [INFO] → ukpga 2003 21 (Communications Act 2003)
2026-04-29 23:31:24 [INFO]   ✓ ukpga-2003-21_2026-01-01.md saved (4779922 bytes)
2026-04-29 23:32:00 [INFO]   ✓ ukpga-2003-21_2025-11-13.md saved (4723276 bytes)
2026-04-29 23:32:38 [INFO]   ✓ ukpga-2003-21_2025-10-01.md saved (4718277 bytes)
2026-04-29 23:33:14 [INFO]   ✓ ukpga-2003-21_2025-07-25.md saved (4715110 bytes)
2026-04-29 23:33:50 [INFO]   ✓ ukpga-2003-21_2025-07-01.md saved (4767150 bytes)
2026-04-29 23:33:51 [INFO] ✓ ukpga 2003 21 — 5 saved, 0 skipped
2026-04-29 23:33:51 [INFO] → ukpga 1996 18 (Employment Rights Act 1996)
2026-04-29 23:34:01 [INFO]   ✓ ukpga-1996-18_2026-04-06.md saved (2125002 bytes)
2026-04-29 23:34:12 [INFO]   ✓ ukpga-1996-18_2026-03-10.md saved (2115199 bytes)
2026-04-29 23:34:22 [INFO]   ✓ ukpga-1996-18_2026-02-18.md saved (2113845 bytes)
2026-04-29 23:34:33 [INFO]   ✓ ukpga-1996-18_2026-01-06.md saved (2109209 bytes)
2026-04-29 23:34:43 [INFO]   ✓ ukpga-1996-18_2025-12-29.md saved (1939378 bytes)
2026-04-29 23:34:44 [INFO] ✓ ukpga 1996 18 — 5 saved, 0 skipped
2026-04-29 23:34:44 [INFO] → ukpga 1998 11 (Bank of England Act 1998)
2026-04-29 23:34:47 [INFO]   ✓ ukpga-1998-11_2025-11-30.md saved (522142 bytes)
2026-04-29 23:34:50 [INFO]   ✓ ukpga-1998-11_2025-02-01.md saved (521945 bytes)
2026-04-29 23:34:53 [INFO]   ✓ ukpga-1998-11_2025-01-01.md saved (521689 bytes)
2026-04-29 23:34:57 [INFO]   ✓ ukpga-1998-11_2024-06-30.md saved (521220 bytes)
2026-04-29 23:35:00 [INFO]   ✓ ukpga-1998-11_2024-03-01.md saved (520576 bytes)
2026-04-29 23:35:01 [INFO] ✓ ukpga 1998 11 — 5 saved, 0 skipped
2026-04-29 23:35:01 [INFO] → ukpga 2007 15 (Serious Crime Act 2007)
2026-04-29 23:35:06 [INFO]   ✓ ukpga-2007-15_2026-03-18.md saved (1247480 bytes)
2026-04-29 23:35:13 [INFO]   ✓ ukpga-2007-15_2026-02-02.md saved (1247052 bytes)
2026-04-29 23:35:19 [INFO]   ✓ ukpga-2007-15_2024-04-30.md saved (1245298 bytes)
2026-04-29 23:35:26 [INFO]   ✓ ukpga-2007-15_2024-04-25.md saved (1245333 bytes)
2026-04-29 23:35:32 [INFO]   ✓ ukpga-2007-15_2024-03-31.md saved (1242735 bytes)
2026-04-29 23:35:33 [INFO] ✓ ukpga 2007 15 — 5 saved, 0 skipped
2026-04-29 23:35:33 [INFO] Done. 30 acts processed, 145 files saved, 0 skipped (existed)
2026-04-30 00:31:02 [INFO] Starting fetch: 30 acts, max 2 versions each, output=/Users/kajaluxanmathitharan/Documents/Projects/ZHAW/SEM8/BA/OD/documents
2026-04-30 00:31:02 [INFO] → ukpga 2018 12 (Data Protection Act 2018)
2026-04-30 00:31:06 [INFO]   ✓ ukpga-2018-12_2026-04-07.md saved (2079029 bytes)
2026-04-30 00:31:10 [INFO]   ✓ ukpga-2018-12_2026-03-31.md saved (2077972 bytes)
2026-04-30 00:31:11 [INFO] ✓ ukpga 2018 12 — 2 saved, 0 skipped
2026-04-30 00:31:11 [INFO] → ukpga 2010 15 (Equality Act 2010)
2026-04-30 00:31:14 [INFO]   ✓ ukpga-2010-15_2026-04-07.md saved (1260985 bytes)
2026-04-30 00:31:18 [INFO]   ✓ ukpga-2010-15_2026-04-06.md saved (1259886 bytes)
2026-04-30 00:31:19 [INFO] ✓ ukpga 2010 15 — 2 saved, 0 skipped
2026-04-30 00:31:19 [INFO] → ukpga 2023 50 (Online Safety Act 2023)
2026-04-30 00:31:22 [INFO]   ✓ ukpga-2023-50_2026-04-07.md saved (1031140 bytes)
2026-04-30 00:31:25 [INFO]   ✓ ukpga-2023-50_2026-04-01.md saved (1024758 bytes)
2026-04-30 00:31:26 [INFO] ✓ ukpga 2023 50 — 2 saved, 0 skipped
2026-04-30 00:31:26 [INFO] → ukpga 2006 46 (Companies Act 2006)
2026-04-30 00:31:26 [ERROR] ✗ ukpga 2006 46 — version list fetch failed: Document is empty, line 1, column 1 (<string>, line 1)
2026-04-30 00:31:26 [INFO] → ukpga 1998 42 (Human Rights Act 1998)
2026-04-30 00:31:27 [INFO]   ✓ ukpga-1998-42_2026-04-06.md saved (116386 bytes)
2026-04-30 00:31:28 [INFO]   ✓ ukpga-1998-42_2024-04-25.md saved (115726 bytes)
2026-04-30 00:31:29 [INFO] ✓ ukpga 1998 42 — 2 saved, 0 skipped
2026-04-30 00:31:29 [INFO] → ukpga 1983 20 (Mental Health Act 1983)
2026-04-30 00:31:32 [INFO]   ✓ ukpga-1983-20_2026-04-06.md saved (1543447 bytes)
2026-04-30 00:31:36 [INFO]   ✓ ukpga-1983-20_2026-04-01.md saved (1537612 bytes)
2026-04-30 00:31:37 [INFO] ✓ ukpga 1983 20 — 2 saved, 0 skipped
2026-04-30 00:31:37 [INFO] → ukpga 1989 41 (Children Act 1989)
2026-04-30 00:31:40 [INFO]   ✓ ukpga-1989-41_2026-03-25.md saved (2075668 bytes)
2026-04-30 00:31:46 [INFO]   ✓ ukpga-1989-41_2025-11-21.md saved (2074856 bytes)
2026-04-30 00:31:47 [INFO] ✓ ukpga 1989 41 — 2 saved, 0 skipped
2026-04-30 00:31:47 [INFO] → ukpga 1984 60 (Police and Criminal Evidence Act 1984)
2026-04-30 00:31:50 [INFO]   ✓ ukpga-1984-60_2026-04-07.md saved (1978979 bytes)
2026-04-30 00:31:54 [INFO]   ✓ ukpga-1984-60_2026-04-01.md saved (1945962 bytes)
2026-04-30 00:31:55 [INFO] ✓ ukpga 1984 60 — 2 saved, 0 skipped
2026-04-30 00:31:55 [INFO] → ukpga 1971 38 (Misuse of Drugs Act 1971)
2026-04-30 00:31:56 [INFO]   ✓ ukpga-1971-38_2025-01-15.md saved (370732 bytes)
2026-04-30 00:31:58 [INFO]   ✓ ukpga-1971-38_2024-03-20.md saved (352712 bytes)
2026-04-30 00:31:59 [INFO] ✓ ukpga 1971 38 — 2 saved, 0 skipped
2026-04-30 00:31:59 [INFO] → ukpga 1968 60 (Theft Act 1968)
2026-04-30 00:32:00 [INFO]   ✓ ukpga-1968-60_2013-05-28.md saved (123106 bytes)
2026-04-30 00:32:01 [INFO]   ✓ ukpga-1968-60_2013-04-01.md saved (123137 bytes)
2026-04-30 00:32:02 [INFO] ✓ ukpga 1968 60 — 2 saved, 0 skipped
2026-04-30 00:32:02 [INFO] → ukpga 1979 54 (Sale of Goods Act 1979)
2026-04-30 00:32:03 [INFO]   ✓ ukpga-1979-54_2015-10-01.md saved (165802 bytes)
2026-04-30 00:32:04 [INFO]   ✓ ukpga-1979-54_2008-04-01.md saved (129848 bytes)
2026-04-30 00:32:05 [INFO] ✓ ukpga 1979 54 — 2 saved, 0 skipped
2026-04-30 00:32:05 [INFO] → ukpga 2015 15 (Consumer Rights Act 2015)
2026-04-30 00:32:07 [INFO]   ✓ ukpga-2015-15_2026-04-06.md saved (931309 bytes)
2026-04-30 00:32:10 [INFO]   ✓ ukpga-2015-15_2026-03-18.md saved (928931 bytes)
2026-04-30 00:32:11 [INFO] ✓ ukpga 2015 15 — 2 saved, 0 skipped
2026-04-30 00:32:11 [INFO] → ukpga 2015 30 (Modern Slavery Act 2015)
2026-04-30 00:32:12 [INFO]   ✓ ukpga-2015-30_2026-04-07.md saved (331851 bytes)
2026-04-30 00:32:14 [INFO]   ✓ ukpga-2015-30_2024-01-31.md saved (315235 bytes)
2026-04-30 00:32:15 [INFO] ✓ ukpga 2015 30 — 2 saved, 0 skipped
2026-04-30 00:32:15 [INFO] → ukpga 2010 23 (Bribery Act 2010)
2026-04-30 00:32:15 [INFO]   ✓ ukpga-2010-23_2024-01-15.md saved (50289 bytes)
2026-04-30 00:32:17 [INFO]   ✓ ukpga-2010-23_2023-10-26.md saved (50337 bytes)
2026-04-30 00:32:18 [INFO] ✓ ukpga 2010 23 — 2 saved, 0 skipped
2026-04-30 00:32:18 [INFO] → ukpga 2008 27 (Climate Change Act 2008)
2026-04-30 00:32:18 [INFO]   ✓ ukpga-2008-27_2023-12-26.md saved (265986 bytes)
2026-04-30 00:32:20 [INFO]   ✓ ukpga-2008-27_2023-02-03.md saved (265451 bytes)
2026-04-30 00:32:21 [INFO] ✓ ukpga 2008 27 — 2 saved, 0 skipped
2026-04-30 00:32:21 [INFO] → ukpga 2000 36 (Freedom of Information Act 2000)
2026-04-30 00:32:23 [INFO]   ✓ ukpga-2000-36_2026-04-07.md saved (975954 bytes)
2026-04-30 00:32:26 [INFO]   ✓ ukpga-2000-36_2026-04-01.md saved (975122 bytes)
2026-04-30 00:32:27 [INFO] ✓ ukpga 2000 36 — 2 saved, 0 skipped
2026-04-30 00:32:27 [INFO] → ukpga 2000 11 (Terrorism Act 2000)
2026-04-30 00:32:30 [INFO]   ✓ ukpga-2000-11_2026-02-23.md saved (1454384 bytes)
2026-04-30 00:32:34 [INFO]   ✓ ukpga-2000-11_2026-01-19.md saved (1453183 bytes)
2026-04-30 00:32:35 [INFO] ✓ ukpga 2000 11 — 2 saved, 0 skipped
2026-04-30 00:32:35 [INFO] → ukpga 2016 25 (Investigatory Powers Act 2016)
2026-04-30 00:32:38 [INFO]   ✓ ukpga-2016-25_2026-04-07.md saved (1508252 bytes)
2026-04-30 00:32:42 [INFO]   ✓ ukpga-2016-25_2026-04-01.md saved (1505028 bytes)
2026-04-30 00:32:43 [INFO] ✓ ukpga 2016 25 — 2 saved, 0 skipped
2026-04-30 00:32:43 [INFO] → ukpga 2005 9 (Mental Capacity Act 2005)
2026-04-30 00:32:44 [INFO]   ✓ ukpga-2005-9_2023-02-07.md saved (551521 bytes)
2026-04-30 00:32:47 [INFO]   ✓ ukpga-2005-9_2022-07-01.md saved (549310 bytes)
2026-04-30 00:32:48 [INFO] ✓ ukpga 2005 9 — 2 saved, 0 skipped
2026-04-30 00:32:48 [INFO] → ukpga 2012 7 (Health and Social Care Act 2012)
2026-04-30 00:32:52 [INFO]   ✓ ukpga-2012-7_2026-02-05.md saved (2216183 bytes)
2026-04-30 00:32:57 [INFO]   ✓ ukpga-2012-7_2025-07-07.md saved (2265678 bytes)
2026-04-30 00:32:58 [INFO] ✓ ukpga 2012 7 — 2 saved, 0 skipped
2026-04-30 00:32:58 [INFO] → ukpga 2014 19 (Pensions Act 2014)
2026-04-30 00:33:00 [INFO]   ✓ ukpga-2014-19_2026-04-06.md saved (433027 bytes)
2026-04-30 00:33:02 [INFO]   ✓ ukpga-2014-19_2025-04-07.md saved (429189 bytes)
2026-04-30 00:33:03 [INFO] ✓ ukpga 2014 19 — 2 saved, 0 skipped
2026-04-30 00:33:03 [INFO] → ukpga 2006 41 (National Health Service Act 2006)
2026-04-30 00:33:08 [INFO]   ✓ ukpga-2006-41_2025-09-01.md saved (3135149 bytes)
2026-04-30 00:33:14 [INFO]   ✓ ukpga-2006-41_2024-02-28.md saved (3133479 bytes)
2026-04-30 00:33:15 [INFO] ✓ ukpga 2006 41 — 2 saved, 0 skipped
2026-04-30 00:33:15 [INFO] → ukpga 2002 32 (Education Act 2002)
2026-04-30 00:33:18 [INFO]   ✓ ukpga-2002-32_2026-04-01.md saved (1474631 bytes)
2026-04-30 00:33:22 [INFO]   ✓ ukpga-2002-32_2025-09-01.md saved (1475393 bytes)
2026-04-30 00:33:23 [INFO] ✓ ukpga 2002 32 — 2 saved, 0 skipped
2026-04-30 00:33:23 [INFO] → ukpga 2004 34 (Housing Act 2004)
2026-04-30 00:36:59 [INFO] Starting fetch: 30 acts, max 2 versions each, output=/Users/kajaluxanmathitharan/Documents/Projects/ZHAW/SEM8/BA/OD/documents
2026-04-30 00:36:59 [INFO] → ukpga 2018 12 (Data Protection Act 2018)
2026-04-30 00:37:02 [INFO]   ✓ ukpga-2018-12_2026-04-07.md saved (1447943 bytes)
2026-04-30 00:37:07 [INFO]   ✓ ukpga-2018-12_2026-03-31.md saved (1447808 bytes)
2026-04-30 00:37:08 [INFO] ✓ ukpga 2018 12 — 2 saved, 0 skipped
2026-04-30 00:37:08 [INFO] → ukpga 2010 15 (Equality Act 2010)
2026-04-30 00:37:10 [INFO]   ✓ ukpga-2010-15_2026-04-07.md saved (971466 bytes)
2026-04-30 00:37:14 [INFO]   ✓ ukpga-2010-15_2026-04-06.md saved (971003 bytes)
2026-04-30 00:37:15 [INFO] ✓ ukpga 2010 15 — 2 saved, 0 skipped
2026-04-30 00:37:15 [INFO] → ukpga 2023 50 (Online Safety Act 2023)
2026-04-30 00:37:17 [INFO]   ✓ ukpga-2023-50_2026-04-07.md saved (900276 bytes)
2026-04-30 00:37:21 [INFO]   ✓ ukpga-2023-50_2026-04-01.md saved (897235 bytes)
2026-04-30 00:37:22 [INFO] ✓ ukpga 2023 50 — 2 saved, 0 skipped
2026-04-30 00:37:22 [INFO] → ukpga 2006 46 (Companies Act 2006)
2026-04-30 00:37:22 [ERROR] ✗ ukpga 2006 46 — version list fetch failed: Document is empty, line 1, column 1 (<string>, line 1)
2026-04-30 00:37:22 [INFO] → ukpga 1998 42 (Human Rights Act 1998)
2026-04-30 00:37:22 [INFO]   ✓ ukpga-1998-42_2026-04-06.md saved (90498 bytes)
2026-04-30 00:37:23 [INFO]   ✓ ukpga-1998-42_2024-04-25.md saved (90105 bytes)
2026-04-30 00:37:24 [INFO] ✓ ukpga 1998 42 — 2 saved, 0 skipped
2026-04-30 00:37:24 [INFO] → ukpga 1983 20 (Mental Health Act 1983)
2026-04-30 00:37:27 [INFO]   ✓ ukpga-1983-20_2026-04-06.md saved (1057633 bytes)
2026-04-30 00:37:30 [INFO]   ✓ ukpga-1983-20_2026-04-01.md saved (1053231 bytes)
2026-04-30 00:37:31 [INFO] ✓ ukpga 1983 20 — 2 saved, 0 skipped
2026-04-30 00:37:31 [INFO] → ukpga 1989 41 (Children Act 1989)
2026-04-30 00:37:35 [INFO]   ✓ ukpga-1989-41_2026-03-25.md saved (1442170 bytes)
2026-04-30 00:37:40 [INFO]   ✓ ukpga-1989-41_2025-11-21.md saved (1441954 bytes)
2026-04-30 00:37:41 [INFO] ✓ ukpga 1989 41 — 2 saved, 0 skipped
2026-04-30 00:37:41 [INFO] → ukpga 1984 60 (Police and Criminal Evidence Act 1984)
2026-04-30 00:37:43 [INFO]   ✓ ukpga-1984-60_2026-04-07.md saved (1212939 bytes)
2026-04-30 00:37:47 [INFO]   ✓ ukpga-1984-60_2026-04-01.md saved (1199280 bytes)
2026-04-30 00:37:48 [INFO] ✓ ukpga 1984 60 — 2 saved, 0 skipped
2026-04-30 00:37:48 [INFO] → ukpga 1971 38 (Misuse of Drugs Act 1971)
2026-04-30 00:37:49 [INFO]   ✓ ukpga-1971-38_2025-01-15.md saved (263719 bytes)
2026-04-30 00:37:51 [INFO]   ✓ ukpga-1971-38_2024-03-20.md saved (252116 bytes)
2026-04-30 00:37:52 [INFO] ✓ ukpga 1971 38 — 2 saved, 0 skipped
2026-04-30 00:37:52 [INFO] → ukpga 1968 60 (Theft Act 1968)
2026-04-30 00:37:53 [INFO]   ✓ ukpga-1968-60_2013-05-28.md saved (98902 bytes)
2026-04-30 00:37:54 [INFO]   ✓ ukpga-1968-60_2013-04-01.md saved (99323 bytes)
2026-04-30 00:39:55 [INFO] Starting fetch: 30 acts, max 5 versions each, output=/Users/kajaluxanmathitharan/Documents/Projects/ZHAW/SEM8/BA/OD/documents
2026-04-30 00:39:55 [INFO] → ukpga 2018 12 (Data Protection Act 2018)
2026-04-30 00:39:59 [INFO]   ✓ ukpga-2018-12_2026-04-07.md saved (1447943 bytes)
2026-04-30 00:40:03 [INFO]   ✓ ukpga-2018-12_2026-03-31.md saved (1447808 bytes)
2026-04-30 00:40:07 [INFO]   ✓ ukpga-2018-12_2026-03-10.md saved (1446692 bytes)
2026-04-30 00:40:13 [INFO]   ✓ ukpga-2018-12_2026-02-05.md saved (1446418 bytes)
2026-04-30 00:40:17 [INFO]   ✓ ukpga-2018-12_2026-01-29.md saved (1372272 bytes)
2026-04-30 00:40:18 [INFO] ✓ ukpga 2018 12 — 5 saved, 0 skipped
2026-04-30 00:40:18 [INFO] → ukpga 2010 15 (Equality Act 2010)
2026-04-30 00:40:21 [INFO]   ✓ ukpga-2010-15_2026-04-07.md saved (971466 bytes)
2026-04-30 00:40:24 [INFO]   ✓ ukpga-2010-15_2026-04-06.md saved (971003 bytes)
2026-04-30 00:40:28 [INFO]   ✓ ukpga-2010-15_2026-04-01.md saved (963553 bytes)
2026-04-30 00:40:31 [INFO]   ✓ ukpga-2010-15_2026-03-02.md saved (962462 bytes)
2026-04-30 00:40:35 [INFO]   ✓ ukpga-2010-15_2026-01-27.md saved (961936 bytes)
2026-04-30 00:40:36 [INFO] ✓ ukpga 2010 15 — 5 saved, 0 skipped
2026-04-30 00:40:36 [INFO] → ukpga 2023 50 (Online Safety Act 2023)
2026-04-30 00:40:38 [INFO]   ✓ ukpga-2023-50_2026-04-07.md saved (900276 bytes)
2026-04-30 00:40:41 [INFO]   ✓ ukpga-2023-50_2026-04-01.md saved (897235 bytes)
2026-04-30 00:40:44 [INFO]   ✓ ukpga-2023-50_2026-01-08.md saved (896572 bytes)
2026-04-30 00:40:48 [INFO]   ✓ ukpga-2023-50_2025-09-30.md saved (895903 bytes)
2026-04-30 00:40:51 [INFO]   ✓ ukpga-2023-50_2025-08-20.md saved (884312 bytes)
2026-04-30 00:40:52 [INFO] ✓ ukpga 2023 50 — 5 saved, 0 skipped
2026-04-30 00:40:52 [INFO] → ukpga 2006 46 (Companies Act 2006)
2026-04-30 00:40:52 [ERROR] ✗ ukpga 2006 46 — version list fetch failed: Document is empty, line 1, column 1 (<string>, line 1)
2026-04-30 00:40:52 [INFO] → ukpga 1998 42 (Human Rights Act 1998)
2026-04-30 00:40:52 [INFO]   ✓ ukpga-1998-42_2026-04-06.md saved (90498 bytes)
2026-04-30 00:40:54 [INFO]   ✓ ukpga-1998-42_2024-04-25.md saved (90105 bytes)
2026-04-30 00:40:55 [INFO]   ✓ ukpga-1998-42_2021-06-30.md saved (87459 bytes)
2026-04-30 00:40:56 [INFO]   ✓ ukpga-1998-42_2020-12-31.md saved (83888 bytes)
2026-04-30 00:40:58 [INFO]   ✓ ukpga-1998-42_2020-10-21.md saved (83465 bytes)
2026-04-30 00:40:59 [INFO] ✓ ukpga 1998 42 — 5 saved, 0 skipped
2026-04-30 00:40:59 [INFO] → ukpga 1983 20 (Mental Health Act 1983)
2026-04-30 00:41:01 [INFO]   ✓ ukpga-1983-20_2026-04-06.md saved (1057633 bytes)
2026-04-30 00:41:04 [INFO]   ✓ ukpga-1983-20_2026-04-01.md saved (1053231 bytes)
2026-04-30 00:41:08 [INFO]   ✓ ukpga-1983-20_2026-02-18.md saved (1052315 bytes)
2026-04-30 00:41:11 [INFO]   ✓ ukpga-1983-20_2026-01-22.md saved (1040482 bytes)
2026-04-30 00:41:14 [INFO]   ✓ ukpga-1983-20_2026-01-01.md saved (1039315 bytes)
2026-04-30 00:41:15 [INFO] ✓ ukpga 1983 20 — 5 saved, 0 skipped
2026-04-30 00:41:15 [INFO] → ukpga 1989 41 (Children Act 1989)
2026-04-30 00:41:19 [INFO]   ✓ ukpga-1989-41_2026-03-25.md saved (1442170 bytes)
2026-04-30 00:41:23 [INFO]   ✓ ukpga-1989-41_2025-11-21.md saved (1441954 bytes)
2026-04-30 00:41:28 [INFO]   ✓ ukpga-1989-41_2025-09-01.md saved (1441729 bytes)
2026-04-30 00:41:33 [INFO]   ✓ ukpga-1989-41_2025-04-28.md saved (1441564 bytes)
2026-04-30 00:41:37 [INFO]   ✓ ukpga-1989-41_2025-03-11.md saved (1441563 bytes)
2026-04-30 00:41:38 [INFO] ✓ ukpga 1989 41 — 5 saved, 0 skipped
2026-04-30 00:41:38 [INFO] → ukpga 1984 60 (Police and Criminal Evidence Act 1984)
2026-04-30 00:41:42 [INFO]   ✓ ukpga-1984-60_2026-04-07.md saved (1212939 bytes)
2026-04-30 00:41:45 [INFO]   ✓ ukpga-1984-60_2026-04-01.md saved (1199280 bytes)
2026-04-30 00:41:49 [INFO]   ✓ ukpga-1984-60_2026-03-25.md saved (1191856 bytes)
2026-04-30 00:41:53 [INFO]   ✓ ukpga-1984-60_2026-01-06.md saved (1191644 bytes)
2026-04-30 00:41:57 [INFO]   ✓ ukpga-1984-60_2025-11-21.md saved (1185479 bytes)
2026-04-30 00:41:58 [INFO] ✓ ukpga 1984 60 — 5 saved, 0 skipped
2026-04-30 00:41:58 [INFO] → ukpga 1971 38 (Misuse of Drugs Act 1971)
2026-04-30 00:41:59 [INFO]   ✓ ukpga-1971-38_2025-01-15.md saved (263719 bytes)
2026-04-30 00:42:01 [INFO]   ✓ ukpga-1971-38_2024-03-20.md saved (252116 bytes)
2026-04-30 00:42:02 [INFO]   ✓ ukpga-1971-38_2023-12-31.md saved (246778 bytes)
2026-04-30 00:42:04 [INFO]   ✓ ukpga-1971-38_2023-11-08.md saved (245111 bytes)
2026-04-30 00:42:06 [INFO]   ✓ ukpga-1971-38_2022-06-28.md saved (245077 bytes)
2026-04-30 00:42:07 [INFO] ✓ ukpga 1971 38 — 5 saved, 0 skipped
2026-04-30 00:42:07 [INFO] → ukpga 1968 60 (Theft Act 1968)
2026-04-30 00:42:07 [INFO]   ✓ ukpga-1968-60_2013-05-28.md saved (98902 bytes)
2026-04-30 00:42:08 [INFO]   ✓ ukpga-1968-60_2013-04-01.md saved (99323 bytes)
2026-04-30 00:42:10 [INFO]   ✓ ukpga-1968-60_2012-11-05.md saved (98931 bytes)
2026-04-30 00:42:11 [INFO]   ✓ ukpga-1968-60_2012-06-18.md saved (98420 bytes)
2026-04-30 00:42:13 [INFO]   ✓ ukpga-1968-60_2010-01-12.md saved (97044 bytes)
2026-04-30 00:42:14 [INFO] ✓ ukpga 1968 60 — 5 saved, 0 skipped
2026-04-30 00:42:14 [INFO] → ukpga 1979 54 (Sale of Goods Act 1979)
2026-04-30 00:42:14 [INFO]   ✓ ukpga-1979-54_2015-10-01.md saved (127421 bytes)
2026-04-30 00:42:16 [INFO]   ✓ ukpga-1979-54_2008-04-01.md saved (114019 bytes)
2026-04-30 00:42:17 [INFO]   ✓ ukpga-1979-54_2007-10-01.md saved (113470 bytes)
2026-04-30 00:42:18 [INFO]   ✓ ukpga-1979-54_2003-03-31.md saved (112955 bytes)
2026-04-30 00:42:20 [INFO]   ✓ ukpga-1979-54_2002-03-31.md saved (111266 bytes)
2026-04-30 00:42:21 [INFO] ✓ ukpga 1979 54 — 5 saved, 0 skipped
2026-04-30 00:42:21 [INFO] → ukpga 2015 15 (Consumer Rights Act 2015)
2026-04-30 00:42:22 [INFO]   ✓ ukpga-2015-15_2026-04-06.md saved (627641 bytes)
2026-04-30 00:42:25 [INFO]   ✓ ukpga-2015-15_2026-03-18.md saved (626643 bytes)
2026-04-30 00:42:28 [INFO]   ✓ ukpga-2015-15_2025-12-27.md saved (626197 bytes)
2026-04-30 00:42:31 [INFO]   ✓ ukpga-2015-15_2025-04-06.md saved (625654 bytes)
2026-04-30 00:42:33 [INFO]   ✓ ukpga-2015-15_2025-01-01.md saved (576727 bytes)
2026-04-30 00:42:34 [INFO] ✓ ukpga 2015 15 — 5 saved, 0 skipped
2026-04-30 00:42:34 [INFO] → ukpga 2015 30 (Modern Slavery Act 2015)
2026-04-30 00:42:35 [INFO]   ✓ ukpga-2015-30_2026-04-07.md saved (253019 bytes)
2026-04-30 00:42:37 [INFO]   ✓ ukpga-2015-30_2024-01-31.md saved (244300 bytes)
2026-04-30 00:42:38 [INFO]   ✓ ukpga-2015-30_2023-12-20.md saved (243413 bytes)
2026-04-30 00:42:40 [INFO]   ✓ ukpga-2015-30_2023-02-07.md saved (242253 bytes)
2026-04-30 00:42:42 [INFO]   ✓ ukpga-2015-30_2023-01-30.md saved (240695 bytes)
2026-04-30 00:42:43 [INFO] ✓ ukpga 2015 30 — 5 saved, 0 skipped
2026-04-30 00:42:43 [INFO] → ukpga 2010 23 (Bribery Act 2010)
2026-04-30 00:42:43 [INFO]   ✓ ukpga-2010-23_2024-01-15.md saved (43309 bytes)
2026-04-30 00:42:44 [INFO]   ✓ ukpga-2010-23_2023-10-26.md saved (43604 bytes)
2026-04-30 00:42:46 [INFO]   ✓ ukpga-2010-23_2023-02-07.md saved (43108 bytes)
2026-04-30 00:42:47 [INFO]   ✓ ukpga-2010-23_2022-04-28.md saved (42521 bytes)
2026-04-30 00:42:49 [INFO]   ✓ ukpga-2010-23_2020-12-01.md saved (42623 bytes)
2026-04-30 00:42:50 [INFO] ✓ ukpga 2010 23 — 5 saved, 0 skipped
2026-04-30 00:42:50 [INFO] → ukpga 2008 27 (Climate Change Act 2008)
2026-04-30 00:42:50 [INFO]   ✓ ukpga-2008-27_2023-12-26.md saved (247650 bytes)
2026-04-30 00:42:52 [INFO]   ✓ ukpga-2008-27_2023-02-03.md saved (247308 bytes)
2026-04-30 00:42:54 [INFO]   ✓ ukpga-2008-27_2022-04-28.md saved (246456 bytes)
2026-04-30 00:42:55 [INFO]   ✓ ukpga-2008-27_2022-02-28.md saved (246605 bytes)
2026-04-30 00:42:57 [INFO]   ✓ ukpga-2008-27_2022-01-09.md saved (246405 bytes)
2026-04-30 00:42:58 [INFO] ✓ ukpga 2008 27 — 5 saved, 0 skipped
2026-04-30 00:42:58 [INFO] → ukpga 2000 36 (Freedom of Information Act 2000)
2026-04-30 00:43:00 [INFO]   ✓ ukpga-2000-36_2026-04-07.md saved (607530 bytes)
2026-04-30 00:43:02 [INFO]   ✓ ukpga-2000-36_2026-04-01.md saved (607340 bytes)
2026-04-30 00:43:05 [INFO]   ✓ ukpga-2000-36_2026-03-10.md saved (606924 bytes)
2026-04-30 00:43:07 [INFO]   ✓ ukpga-2000-36_2026-03-02.md saved (606650 bytes)
2026-04-30 00:43:10 [INFO]   ✓ ukpga-2000-36_2026-02-05.md saved (606163 bytes)
2026-04-30 00:43:11 [INFO] ✓ ukpga 2000 36 — 5 saved, 0 skipped
2026-04-30 00:43:11 [INFO] → ukpga 2000 11 (Terrorism Act 2000)
2026-04-30 00:43:14 [INFO]   ✓ ukpga-2000-11_2026-02-23.md saved (1052589 bytes)
2026-04-30 00:43:17 [INFO]   ✓ ukpga-2000-11_2026-01-19.md saved (1052036 bytes)
2026-04-30 00:43:21 [INFO]   ✓ ukpga-2000-11_2025-07-05.md saved (1051379 bytes)
2026-04-30 00:43:25 [INFO]   ✓ ukpga-2000-11_2025-01-01.md saved (1050474 bytes)
2026-04-30 00:43:29 [INFO]   ✓ ukpga-2000-11_2024-04-26.md saved (1050777 bytes)
2026-04-30 00:43:30 [INFO] ✓ ukpga 2000 11 — 5 saved, 0 skipped
2026-04-30 00:43:30 [INFO] → ukpga 2016 25 (Investigatory Powers Act 2016)
2026-04-30 00:43:32 [INFO]   ✓ ukpga-2016-25_2026-04-07.md saved (1150895 bytes)
2026-04-30 00:43:36 [INFO]   ✓ ukpga-2016-25_2026-04-01.md saved (1149377 bytes)
2026-04-30 00:43:40 [INFO]   ✓ ukpga-2016-25_2025-11-17.md saved (1148736 bytes)
2026-04-30 00:43:43 [INFO]   ✓ ukpga-2016-25_2025-08-20.md saved (1157890 bytes)
2026-04-30 00:43:47 [INFO]   ✓ ukpga-2016-25_2025-07-08.md saved (1157028 bytes)
2026-04-30 00:43:48 [INFO] ✓ ukpga 2016 25 — 5 saved, 0 skipped
2026-04-30 00:43:48 [INFO] → ukpga 2005 9 (Mental Capacity Act 2005)
2026-04-30 00:43:50 [INFO]   ✓ ukpga-2005-9_2023-02-07.md saved (472398 bytes)
2026-04-30 00:43:52 [INFO]   ✓ ukpga-2005-9_2022-07-01.md saved (471288 bytes)
2026-04-30 00:43:55 [INFO]   ✓ ukpga-2005-9_2021-09-01.md saved (467406 bytes)
2026-04-30 00:43:58 [INFO]   ✓ ukpga-2005-9_2020-12-31.md saved (466843 bytes)
2026-04-30 00:44:00 [INFO]   ✓ ukpga-2005-9_2020-11-02.md saved (465613 bytes)
2026-04-30 00:44:01 [INFO] ✓ ukpga 2005 9 — 5 saved, 0 skipped
2026-04-30 00:44:01 [INFO] → ukpga 2012 7 (Health and Social Care Act 2012)
2026-04-30 00:44:05 [INFO]   ✓ ukpga-2012-7_2026-02-05.md saved (1456801 bytes)
2026-04-30 00:44:10 [INFO]   ✓ ukpga-2012-7_2025-07-07.md saved (1482493 bytes)
2026-04-30 00:44:14 [INFO]   ✓ ukpga-2012-7_2025-06-19.md saved (1474848 bytes)
2026-04-30 00:44:19 [INFO]   ✓ ukpga-2012-7_2025-01-01.md saved (1467161 bytes)
2026-04-30 00:44:24 [INFO]   ✓ ukpga-2012-7_2024-05-24.md saved (1466884 bytes)
2026-04-30 00:44:25 [INFO] ✓ ukpga 2012 7 — 5 saved, 0 skipped
2026-04-30 00:44:26 [INFO] → ukpga 2014 19 (Pensions Act 2014)
2026-04-30 00:44:27 [INFO]   ✓ ukpga-2014-19_2026-04-06.md saved (361477 bytes)
2026-04-30 00:44:29 [INFO]   ✓ ukpga-2014-19_2025-04-07.md saved (359117 bytes)
2026-04-30 00:44:31 [INFO]   ✓ ukpga-2014-19_2024-04-08.md saved (356757 bytes)
2026-04-30 00:44:34 [INFO]   ✓ ukpga-2014-19_2024-02-21.md saved (355547 bytes)
2026-04-30 00:44:36 [INFO]   ✓ ukpga-2014-19_2023-12-31.md saved (354997 bytes)
2026-04-30 00:44:37 [INFO] ✓ ukpga 2014 19 — 5 saved, 0 skipped
2026-04-30 00:44:37 [INFO] → ukpga 2006 41 (National Health Service Act 2006)
2026-04-30 00:44:42 [INFO]   ✓ ukpga-2006-41_2025-09-01.md saved (1855025 bytes)
2026-04-30 00:44:47 [INFO]   ✓ ukpga-2006-41_2024-02-28.md saved (1854950 bytes)
2026-04-30 00:44:52 [INFO]   ✓ ukpga-2006-41_2024-01-31.md saved (1851629 bytes)
2026-04-30 00:44:58 [INFO]   ✓ ukpga-2006-41_2024-01-01.md saved (1845816 bytes)
2026-04-30 00:45:04 [INFO]   ✓ ukpga-2006-41_2023-12-26.md saved (1833999 bytes)
2026-04-30 00:45:05 [INFO] ✓ ukpga 2006 41 — 5 saved, 0 skipped
2026-04-30 00:45:05 [INFO] → ukpga 2002 32 (Education Act 2002)
2026-04-30 00:45:08 [INFO]   ✓ ukpga-2002-32_2026-04-01.md saved (960966 bytes)
2026-04-30 00:45:11 [INFO]   ✓ ukpga-2002-32_2025-09-01.md saved (961917 bytes)
2026-04-30 00:45:15 [INFO]   ✓ ukpga-2002-32_2025-04-01.md saved (961389 bytes)
2026-04-30 00:45:18 [INFO]   ✓ ukpga-2002-32_2024-09-01.md saved (960877 bytes)
2026-04-30 00:45:22 [INFO]   ✓ ukpga-2002-32_2024-08-01.md saved (960349 bytes)
2026-04-30 00:45:23 [INFO] ✓ ukpga 2002 32 — 5 saved, 0 skipped
2026-04-30 00:45:23 [INFO] → ukpga 2004 34 (Housing Act 2004)
2026-04-30 00:45:25 [INFO]   ✓ ukpga-2004-34_2025-12-27.md saved (1173487 bytes)
2026-04-30 00:45:33 [INFO]   ✓ ukpga-2004-34_2022-12-01.md saved (1162521 bytes)
2026-04-30 00:45:42 [INFO]   ✓ ukpga-2004-34_2022-10-01.md saved (1152449 bytes)
2026-04-30 00:45:50 [INFO]   ✓ ukpga-2004-34_2022-04-28.md saved (1150829 bytes)
2026-04-30 00:45:59 [INFO]   ✓ ukpga-2004-34_2020-12-01.md saved (1150968 bytes)
2026-04-30 00:46:00 [INFO] ✓ ukpga 2004 34 — 5 saved, 0 skipped
2026-04-30 00:46:00 [INFO] → ukpga 2014 22 (Immigration Act 2014)
2026-04-30 00:46:01 [INFO]   ✓ ukpga-2014-22_2026-02-04.md saved (457625 bytes)
2026-04-30 00:46:04 [INFO]   ✓ ukpga-2014-22_2025-12-01.md saved (456607 bytes)
2026-04-30 00:46:06 [INFO]   ✓ ukpga-2014-22_2025-06-19.md saved (456103 bytes)
2026-04-30 00:46:08 [INFO]   ✓ ukpga-2014-22_2024-04-25.md saved (452960 bytes)
2026-04-30 00:46:11 [INFO]   ✓ ukpga-2014-22_2024-02-13.md saved (452622 bytes)
2026-04-30 00:46:12 [INFO] ✓ ukpga 2014 22 — 5 saved, 0 skipped
2026-04-30 00:46:12 [INFO] → ukpga 1994 26 (Trade Marks Act 1994)
2026-04-30 00:46:13 [INFO]   ✓ ukpga-1994-26_2025-07-10.md saved (492070 bytes)
2026-04-30 00:46:15 [INFO]   ✓ ukpga-1994-26_2025-04-06.md saved (492048 bytes)
2026-04-30 00:46:17 [INFO]   ✓ ukpga-1994-26_2023-12-31.md saved (490247 bytes)
2026-04-30 00:46:20 [INFO]   ✓ ukpga-1994-26_2022-12-27.md saved (488908 bytes)
2026-04-30 00:46:22 [INFO]   ✓ ukpga-1994-26_2021-11-26.md saved (486845 bytes)
2026-04-30 00:46:23 [INFO] ✓ ukpga 1994 26 — 5 saved, 0 skipped
2026-04-30 00:46:23 [INFO] → ukpga 2003 21 (Communications Act 2003)
2026-04-30 00:46:30 [INFO]   ✓ ukpga-2003-21_2026-01-01.md saved (3366771 bytes)
2026-04-30 00:46:39 [INFO]   ✓ ukpga-2003-21_2025-11-13.md saved (3342866 bytes)
2026-04-30 00:46:48 [INFO]   ✓ ukpga-2003-21_2025-10-01.md saved (3340008 bytes)
2026-04-30 00:46:57 [INFO]   ✓ ukpga-2003-21_2025-07-25.md saved (3339001 bytes)
2026-04-30 00:47:08 [INFO]   ✓ ukpga-2003-21_2025-07-01.md saved (3389021 bytes)
2026-04-30 00:47:09 [INFO] ✓ ukpga 2003 21 — 5 saved, 0 skipped
2026-04-30 00:47:09 [INFO] → ukpga 1996 18 (Employment Rights Act 1996)
2026-04-30 00:47:14 [INFO]   ✓ ukpga-1996-18_2026-04-06.md saved (1522670 bytes)
2026-04-30 00:47:19 [INFO]   ✓ ukpga-1996-18_2026-03-10.md saved (1518324 bytes)
2026-04-30 00:47:23 [INFO]   ✓ ukpga-1996-18_2026-02-18.md saved (1518092 bytes)
2026-04-30 00:47:28 [INFO]   ✓ ukpga-1996-18_2026-01-06.md saved (1516115 bytes)
2026-04-30 00:47:33 [INFO]   ✓ ukpga-1996-18_2025-12-29.md saved (1378458 bytes)
2026-04-30 00:47:34 [INFO] ✓ ukpga 1996 18 — 5 saved, 0 skipped
2026-04-30 00:47:34 [INFO] → ukpga 1998 11 (Bank of England Act 1998)
2026-04-30 00:47:35 [INFO]   ✓ ukpga-1998-11_2025-11-30.md saved (342714 bytes)
2026-04-30 00:47:37 [INFO]   ✓ ukpga-1998-11_2025-02-01.md saved (342636 bytes)
2026-04-30 00:47:39 [INFO]   ✓ ukpga-1998-11_2025-01-01.md saved (342524 bytes)
2026-04-30 00:47:42 [INFO]   ✓ ukpga-1998-11_2024-06-30.md saved (342355 bytes)
2026-04-30 00:47:44 [INFO]   ✓ ukpga-1998-11_2024-03-01.md saved (342034 bytes)
2026-04-30 00:47:45 [INFO] ✓ ukpga 1998 11 — 5 saved, 0 skipped
2026-04-30 00:47:45 [INFO] → ukpga 2007 15 (Serious Crime Act 2007)
2026-04-30 00:47:47 [INFO]   ✓ ukpga-2007-15_2026-03-18.md saved (953095 bytes)
2026-04-30 00:47:51 [INFO]   ✓ ukpga-2007-15_2026-02-02.md saved (952771 bytes)
2026-04-30 00:47:55 [INFO]   ✓ ukpga-2007-15_2024-04-30.md saved (951743 bytes)
2026-04-30 00:47:58 [INFO]   ✓ ukpga-2007-15_2024-04-25.md saved (951743 bytes)
2026-04-30 00:48:01 [INFO]   ✓ ukpga-2007-15_2024-03-31.md saved (950200 bytes)
2026-04-30 00:48:02 [INFO] ✓ ukpga 2007 15 — 5 saved, 0 skipped
2026-04-30 00:48:02 [INFO] Done. 30 acts processed, 145 files saved, 0 skipped (existed)
